NAME : c101C5
TYPE : EVRP-TW-SPD
DIMENSION : 9
VEHICLES : 25
DISPATCHINGCOST : 1000
UNITCOST : 1.0
CAPACITY : 200.0
ELECTRIC_POWER : 77.75
CONSUMPTION_RATE : 1.0
RECHARGING_RATE : 3.47
EDGE_WEIGHT_TYPE : EXPLICIT
Node number: 9
Customer number: 5
Station number: 3
Avg pick-up/dilvery demand: 7.6000,10.4000
Starting/end time of DC: 0.0000,1236.0000

Initial random seed: 2026
Pruning: on
Write best solution to /tmp/hma-smoke/
Time limit: 5 seconds
Runs: 1
g_1: 20
Population size: 9
Insertion for initialization: rcrs
k_init: 5
Insertion for crossover: regret
k_crossover: 5
Parent selection: circle
Replacement strategy: one_on_one
Local search probability: 1.00
O(1) evaluation: on
2-opt: on
2-opt*: on
or-opt: on
2-exchange: on
escape local optima number: 1
random_removal: off
related_removal: on
alpha: 1.000000, relateness norm factor: 1.000000
Destroy lower ration: 0.200000
Destroy upper ration: 0.400000
regret_insertion: on
greedy_insertion: off
Random removal and insertion: off
Station range: 3
Subproblem num: 1
Total edges 20, prune by time window 12(60.0000%), prune by capacity 0(0.0000%)
---------------------------------Run 1---------------------------
Initialization, using rcrs method
Solution 0, cost 2257.75, m 2
best cost 2257.75, m 2
Initialization done.
already consumed 0.00 sec
already consumed 0.00 sec
After local search
Avg 2257.75, Best 2257.75 / m 2, Worst 2257.75
already consumed 0.00 sec
Best solution update: 2257.7475
After large neighbourhood search
Avg 2257.75, Best 2257.75 / m 2, Worst 2257.75
Gen 1 done, no improvement for 1 gens, already consumed 0.00 sec
already consumed 0.00 sec
After large neighbourhood search
Avg 2257.75, Best 2257.75 / m 2, Worst 2257.75
Gen 2 done, no improvement for 2 gens, already consumed 0.00 sec
already consumed 0.00 sec
After large neighbourhood search
Avg 2257.75, Best 2257.75 / m 2, Worst 2257.75
Gen 3 done, no improvement for 3 gens, already consumed 0.00 sec
already consumed 0.01 sec
After large neighbourhood search
Avg 2257.75, Best 2257.75 / m 2, Worst 2257.75
Gen 4 done, no improvement for 4 gens, already consumed 0.01 sec
already consumed 0.01 sec
After large neighbourhood search
Avg 2257.75, Best 2257.75 / m 2, Worst 2257.75
Gen 5 done, no improvement for 5 gens, already consumed 0.01 sec
already consumed 0.01 sec
After large neighbourhood search
Avg 2257.75, Best 2257.75 / m 2, Worst 2257.75
Gen 6 done, no improvement for 6 gens, already consumed 0.01 sec
already consumed 0.01 sec
After large neighbourhood search
Avg 2257.75, Best 2257.75 / m 2, Worst 2257.75
Gen 7 done, no improvement for 7 gens, already consumed 0.01 sec
already consumed 0.01 sec
After large neighbourhood search
Avg 2257.75, Best 2257.75 / m 2, Worst 2257.75
Gen 8 done, no improvement for 8 gens, already consumed 0.01 sec
already consumed 0.01 sec
After large neighbourhood search
Avg 2257.75, Best 2257.75 / m 2, Worst 2257.75
Gen 9 done, no improvement for 9 gens, already consumed 0.01 sec
already consumed 0.01 sec
After large neighbourhood search
Avg 2257.75, Best 2257.75 / m 2, Worst 2257.75
Gen 10 done, no improvement for 10 gens, already consumed 0.01 sec
already consumed 0.01 sec
After large neighbourhood search
Avg 2257.75, Best 2257.75 / m 2, Worst 2257.75
Gen 11 done, no improvement for 11 gens, already consumed 0.01 sec
already consumed 0.01 sec
After large neighbourhood search
Avg 2257.75, Best 2257.75 / m 2, Worst 2257.75
Gen 12 done, no improvement for 12 gens, already consumed 0.01 sec
already consumed 0.01 sec
After large neighbourhood search
Avg 2257.75, Best 2257.75 / m 2, Worst 2257.75
Gen 13 done, no improvement for 13 gens, already consumed 0.01 sec
already consumed 0.01 sec
After large neighbourhood search
Avg 2257.75, Best 2257.75 / m 2, Worst 2257.75
Gen 14 done, no improvement for 14 gens, already consumed 0.01 sec
already consumed 0.01 sec
After large neighbourhood search
Avg 2257.75, Best 2257.75 / m 2, Worst 2257.75
Gen 15 done, no improvement for 15 gens, already consumed 0.01 sec
already consumed 0.01 sec
After large neighbourhood search
Avg 2257.75, Best 2257.75 / m 2, Worst 2257.75
Gen 16 done, no improvement for 16 gens, already consumed 0.01 sec
already consumed 0.01 sec
After large neighbourhood search
Avg 2257.75, Best 2257.75 / m 2, Worst 2257.75
Gen 17 done, no improvement for 17 gens, already consumed 0.01 sec
already consumed 0.01 sec
After large neighbourhood search
Avg 2257.75, Best 2257.75 / m 2, Worst 2257.75
Gen 18 done, no improvement for 18 gens, already consumed 0.01 sec
already consumed 0.01 sec
After large neighbourhood search
Avg 2257.75, Best 2257.75 / m 2, Worst 2257.75
Gen 19 done, no improvement for 19 gens, already consumed 0.01 sec
already consumed 0.02 sec
After large neighbourhood search
Avg 2257.75, Best 2257.75 / m 2, Worst 2257.75
Gen 20 done, no improvement for 20 gens, already consumed 0.02 sec
sub_problem_num: 1
subproblem 1, customer: 5
Total edges 20, prune by time window 12(60.0000%), prune by capacity 0(0.0000%)
Initialization, using perturb method
Solution 0, cost 2257.75, m 2
Solution 1, cost 2257.75, m 2
Solution 2, cost 2257.75, m 2
Solution 3, cost 2279.66, m 2
Solution 4, cost 2257.75, m 2
Solution 5, cost 2257.75, m 2
Solution 6, cost 2257.75, m 2
Solution 7, cost 2257.75, m 2
Solution 8, cost 2264.44, m 2
best cost 2257.75, m 2
Initialization done.
already consumed 0.02 sec
already consumed 0.03 sec
After local search
Avg 2258.49, Best 2257.75 / m 2, Worst 2264.44
Do crossover.
already consumed 0.03 sec
Gen: 1. Avg 2257.75, Best 2257.75 / m 2, Worst 2257.75
Gen 1 done, no improvement for 1 gens, already consumed 0.04 sec
Do crossover.
already consumed 0.04 sec
Gen: 2. Avg 2257.75, Best 2257.75 / m 2, Worst 2257.75
Gen 2 done, no improvement for 2 gens, already consumed 0.05 sec
Do crossover.
already consumed 0.05 sec
Gen: 3. Avg 2257.75, Best 2257.75 / m 2, Worst 2257.75
Gen 3 done, no improvement for 3 gens, already consumed 0.06 sec
Do crossover.
already consumed 0.06 sec
Gen: 4. Avg 2257.75, Best 2257.75 / m 2, Worst 2257.75
Gen 4 done, no improvement for 4 gens, already consumed 0.07 sec
Do crossover.
already consumed 0.07 sec
Gen: 5. Avg 2257.75, Best 2257.75 / m 2, Worst 2257.75
Gen 5 done, no improvement for 5 gens, already consumed 0.08 sec
Do crossover.
already consumed 0.08 sec
Gen: 6. Avg 2257.75, Best 2257.75 / m 2, Worst 2257.75
Gen 6 done, no improvement for 6 gens, already consumed 0.09 sec
Do crossover.
already consumed 0.09 sec
Gen: 7. Avg 2257.75, Best 2257.75 / m 2, Worst 2257.75
Gen 7 done, no improvement for 7 gens, already consumed 0.10 sec
Do crossover.
already consumed 0.10 sec
Gen: 8. Avg 2257.75, Best 2257.75 / m 2, Worst 2257.75
Gen 8 done, no improvement for 8 gens, already consumed 0.11 sec
Do crossover.
already consumed 0.11 sec
Gen: 9. Avg 2257.75, Best 2257.75 / m 2, Worst 2257.75
Gen 9 done, no improvement for 9 gens, already consumed 0.11 sec
Do crossover.
already consumed 0.11 sec
Gen: 10. Avg 2257.75, Best 2257.75 / m 2, Worst 2257.75
Gen 10 done, no improvement for 10 gens, already consumed 0.12 sec
Do crossover.
already consumed 0.12 sec
Gen: 11. Avg 2257.75, Best 2257.75 / m 2, Worst 2257.75
Gen 11 done, no improvement for 11 gens, already consumed 0.13 sec
Do crossover.
already consumed 0.13 sec
Gen: 12. Avg 2257.75, Best 2257.75 / m 2, Worst 2257.75
Gen 12 done, no improvement for 12 gens, already consumed 0.14 sec
Do crossover.
already consumed 0.14 sec
Gen: 13. Avg 2257.75, Best 2257.75 / m 2, Worst 2257.75
Gen 13 done, no improvement for 13 gens, already consumed 0.15 sec
Do crossover.
already consumed 0.15 sec
Gen: 14. Avg 2257.75, Best 2257.75 / m 2, Worst 2257.75
Gen 14 done, no improvement for 14 gens, already consumed 0.16 sec
Do crossover.
already consumed 0.16 sec
Gen: 15. Avg 2257.75, Best 2257.75 / m 2, Worst 2257.75
Gen 15 done, no improvement for 15 gens, already consumed 0.17 sec
Do crossover.
already consumed 0.17 sec
Gen: 16. Avg 2257.75, Best 2257.75 / m 2, Worst 2257.75
Gen 16 done, no improvement for 16 gens, already consumed 0.18 sec
Do crossover.
already consumed 0.18 sec
Gen: 17. Avg 2257.75, Best 2257.75 / m 2, Worst 2257.75
Gen 17 done, no improvement for 17 gens, already consumed 0.19 sec
Do crossover.
already consumed 0.19 sec
Gen: 18. Avg 2257.75, Best 2257.75 / m 2, Worst 2257.75
Gen 18 done, no improvement for 18 gens, already consumed 0.20 sec
Do crossover.
already consumed 0.20 sec
Gen: 19. Avg 2257.75, Best 2257.75 / m 2, Worst 2257.75
Gen 19 done, no improvement for 19 gens, already consumed 0.21 sec
Do crossover.
already consumed 0.21 sec
Gen: 20. Avg 2257.75, Best 2257.75 / m 2, Worst 2257.75
Gen 20 done, no improvement for 20 gens, already consumed 0.21 sec
Do crossover.
already consumed 0.21 sec
Gen: 21. Avg 2257.75, Best 2257.75 / m 2, Worst 2257.75
Gen 21 done, no improvement for 21 gens, already consumed 0.22 sec
Run 1 finishes
Avg 2257.75, Best 2257.75 / m 2, Worst 2257.75
Decomposition done, already consumed 0.22 sec
After decomposition
Avg 2257.75, Best 2257.75 / m 2, Worst 2257.75
already consumed 0.22 sec
already consumed 0.22 sec
After local search
Avg 2257.75, Best 2257.75 / m 2, Worst 2257.75
already consumed 0.22 sec
already consumed 0.22 sec
After large neighbourhood search
Avg 2257.75, Best 2257.75 / m 2, Worst 2257.75
Gen 21 done, no improvement for 21 gens, already consumed 0.22 sec
Run 1 finishes
Avg 2257.75, Best 2257.75 / m 2, Worst 2257.75
------------Summary-----------
This cost 2257.747452, check total cost 2257.747452, diff 0.000000
Total 1 runs, total consumed 0.22 sec
